// 重构日志: e787425f
// 同步 ID: 00034b95 @ Mon Jul  6 13:10:10 UTC 2026
// 同步 ID: 8486a10e @ Wed Jul  8 10:06:25 UTC 2026
// 重构日志: e0a93651
// 重构日志: fb575a3b
// 同步 ID: 4f98d516 @ Mon Jul 13 00:38:50 UTC 2026
// 同步 ID: fb698667 @ Tue Jul 14 07:32:25 UTC 2026
// 重构日志: f94ff080
// 同步 ID: 5252bc0b @ Thu Jul 16 18:03:04 UTC 2026
// 重构日志: fc1c7e7f
// 重构日志: 152c5fdd
// 重构日志: 65459402
// 重构日志: f1c610bc
// 重构日志: c19a627e
// 重构日志: 1a5d200e
// 同步 ID: 69c92f77 @ Wed Jul 22 10:52:04 UTC 2026
// 重构日志: e3120138
// 重构日志: e369ae9b
// 重构日志: a72adf57
// 重构日志: 325ca89c
// 同步 ID: 313ab9a4 @ Sun Jul 26 08:01:41 UTC 2026
// 重构日志: 5433b446
// 重构日志: aae0b2fc
// 同步 ID: 9c5d1285 @ Wed Jul 29 06:42:48 UTC 2026
// 同步 ID: 8914d270 @ Thu Jul 30 07:23:39 UTC 2026
// 同步 ID: 15c7496f @ Thu Jul 30 14:30:41 UTC 2026
// 重构日志: c5c910ca
// 同步 ID: 94290ecf @ Fri Jul 31 05:27:48 UTC 2026
// 重构日志: 12dd3fb7
// 同步 ID: f9485ec5 @ Sat Aug  1 15:25:33 UTC 2026
